1994
Aaron 28
Abigail 42
Adam 38
Adrian 98
Alex 50
Alexa 95
Alexander 22
Alexandra 28
Alexandria 72
Alexis 18
Alicia 83
Allison 34
Alyssa 26
Amanda 8
Amber 21
Amy 77
Andrea 49
Andrew 10
Angela 81
Anna 41
Anthony 18
Antonio 88
Ashley 2
Austin 17
Benjamin 31
Blake 81
Bradley 83
Brandon 6
Breanna 84
Brian 37
Briana 68
Brianna 27
Brittany 7
Brittney 89
Brooke 54
Bryan 66
Caitlin 78
Caleb 60
Cameron 52
Carlos 72
Caroline 94
Cassandra 66
Catherine 85
Charles 43
Chelsea 38
Cheyenne 99
Christian 35
Christina 39
Christopher 2
Cody 25
Connor 59
Corey 73
Courtney 22
Crystal 65
Dakota 69
Dalton 85
Daniel 8
Danielle 20
David 13
Derek 77
Destiny 86
Devin 61
Diana 98
Dustin 56
Dylan 32
Edward 84
Elizabeth 9
Emily 3
Emma 76
Eric 30
Erica 57
Erik 99
Erika 90
Erin 45
Ethan 89
Evan 62
Gabriel 68
Gabrielle 67
Garrett 82
Gregory 76
Haley 36
Hannah 16
Heather 44
Hunter 67
Ian 74
Jacob 7
Jacqueline 64
James 14
Jamie 87
Jared 63
Jasmine 23
Jason 46
Jeffrey 55
Jenna 80
Jennifer 17
Jeremy 47
Jesse 45
Jessica 1
Jesus 80
John 15
Jonathan 23
Jordan 29
Jordan 51
Jose 36
Joseph 11
Joshua 4
Juan 51
Julia 73
Justin 20
Kaitlin 93
Kaitlyn 48
Katelyn 58
Katherine 30
Kathryn 79
Katie 70
Kayla 12
Kelly 62
Kelsey 29
Kenneth 65
Kevin 26
Kimberly 32
Kristen 55
Kyle 24
Laura 46
Lauren 14
Lindsey 69
Logan 70
Lucas 95
Luis 58
Luke 91
Madeline 92
Madison 52
Marcus 75
Maria 47
Mariah 74
Marissa 53
Mark 48
Mary 37
Matthew 3
Megan 10
Melissa 31
Michael 1
Michelle 33
Miguel 94
Miranda 61
Mitchell 71
Molly 96
Monica 88
Morgan 25
Natalie 56
Nathan 40
Nathaniel 78
Nicholas 9
Nicole 11
Olivia 50
Paige 63
Patrick 42
Paul 64
Peter 87
Rachel 13
Rebecca 24
Richard 41
Robert 21
Ryan 16
Sabrina 97
Samantha 4
Samuel 33
Sara 43
Sarah 5
Savannah 82
Scott 79
Sean 44
Seth 90
Shane 92
Shannon 60
Shawn 86
Shelby 40
Sierra 71
Spencer 97
Stephanie 15
Stephen 49
Steven 34
Sydney 75
Tanner 96
Taylor 54
Taylor 6
Thomas 27
Tiffany 35
Timothy 39
Travis 53
Trevor 57
Tyler 5
Vanessa 59
Victor 93
Victoria 19
Whitney 91
William 19
Zachary 12
