2004
Aaliyah 94
Aaron 53
Abigail 6
Adam 58
Adrian 72
Aidan 40
Aiden 60
Alejandro 99
Alex 63
Alexa 72
Alexander 15
Alexandra 37
Alexis 11
Allison 40
Alyssa 14
Amanda 67
Amber 88
Amelia 96
Andrea 57
Andrew 6
Angel 44
Angelina 60
Anna 20
Anthony 11
Antonio 93
Ariana 79
Arianna 86
Ashley 8
Ashton 76
Audrey 80
Austin 35
Autumn 82
Ava 25
Avery 77
Benjamin 25
Blake 95
Brandon 22
Brian 59
Brianna 17
Brooke 46
Bryan 65
Caleb 33
Cameron 50
Carlos 71
Caroline 74
Carter 88
Charles 56
Chase 81
Chloe 23
Christian 24
Christopher 10
Claire 98
Cody 85
Cole 75
Colin 84
Connor 38
Daniel 7
Danielle 91
David 14
Destiny 39
Devin 82
Diana 90
Diego 73
Dominic 91
Dylan 19
Elijah 31
Elizabeth 10
Ella 29
Emily 1
Emma 2
Eric 61
Erin 95
Ethan 5
Evan 39
Evelyn 83
Faith 52
Gabriel 32
Gabriella 76
Gabrielle 73
Gavin 52
Grace 13
Hailey 24
Haley 44
Hannah 5
Hayden 87
Hunter 49
Ian 69
Isaac 46
Isabel 87
Isabella 7
Isaiah 45
Jack 42
Jackson 48
Jacob 1
Jada 81
Jaden 83
Jake 98
James 17
Jasmine 26
Jason 47
Jayden 62
Jenna 56
Jennifer 38
Jeremiah 77
Jesse 94
Jessica 21
Jesus 70
Jocelyn 85
John 18
Jonathan 21
Jordan 43
Jordan 70
Jose 28
Joseph 9
Joshua 3
Juan 54
Julia 32
Julian 74
Justin 30
Kaitlyn 33
Katelyn 59
Katherine 35
Kayla 18
Kaylee 50
Kevin 34
Kimberly 61
Kyle 55
Kylie 49
Landon 86
Lauren 16
Leah 64
Leslie 93
Lillian 65
Lily 53
Logan 27
Lucas 67
Luis 57
Luke 41
Mackenzie 45
Madeline 63
Madison 3
Makayla 47
Maria 42
Marissa 78
Mary 62
Mason 51
Matthew 4
Maya 84
Megan 36
Melanie 89
Melissa 99
Mia 30
Michael 2
Michelle 66
Miguel 97
Molly 97
Morgan 31
Natalie 19
Nathan 20
Nathaniel 68
Nicholas 13
Nicole 43
Noah 29
Olivia 4
Owen 66
Paige 51
Rachel 34
Rebecca 71
Richard 92
Riley 58
Robert 36
Ryan 12
Samantha 9
Samuel 23
Sara 68
Sarah 12
Savannah 41
Sean 64
Sebastian 96
Seth 80
Sierra 92
Sofia 69
Sophia 15
Stephanie 55
Steven 78
Sydney 27
Taylor 22
Thomas 37
Timothy 79
Trinity 48
Tyler 16
Vanessa 75
Victoria 28
William 8
Wyatt 90
Xavier 89
Zachary 26
Zoe 54
