1996
Aaron 34
Abigail 32
Adam 39
Adrian 92
Alex 54
Alexander 22
Alexandra 26
Alexandria 76
Alexis 8
Alicia 91
Allison 38
Alyssa 23
Amanda 13
Amber 27
Amy 88
Andrea 61
Andrew 10
Angela 90
Angelica 97
Anna 33
Anthony 19
Antonio 80
Ashley 3
Austin 9
Bailey 85
Benjamin 29
Blake 84
Bradley 83
Brandon 8
Breanna 74
Brian 36
Briana 72
Brianna 17
Brittany 14
Brooke 45
Bryan 66
Caitlin 84
Caleb 48
Cameron 49
Carlos 67
Caroline 78
Cassandra 89
Catherine 94
Charles 43
Chase 76
Chelsea 55
Cheyenne 69
Christian 24
Christina 57
Christopher 4
Cody 31
Connor 53
Corey 94
Courtney 21
Crystal 92
Dakota 58
Dalton 99
Daniel 11
Danielle 29
David 13
Destiny 56
Devin 59
Dustin 78
Dylan 33
Edward 95
Elijah 81
Elizabeth 10
Emily 1
Emma 53
Eric 35
Erica 79
Erin 51
Ethan 62
Evan 65
Gabriel 61
Gabrielle 54
Garrett 85
Grace 95
Gregory 98
Hailey 93
Haley 30
Hannah 7
Heather 71
Hunter 47
Ian 70
Isaac 86
Isaiah 71
Jack 89
Jacob 3
Jacqueline 68
James 17
Jamie 96
Jared 64
Jasmine 28
Jason 41
Jeffrey 72
Jenna 83
Jennifer 19
Jeremy 56
Jesse 51
Jessica 2
Jesus 74
John 15
Jonathan 21
Jordan 27
Jordan 49
Jose 32
Joseph 12
Joshua 5
Juan 52
Julia 48
Justin 20
Kaitlyn 40
Katelyn 64
Katherine 31
Kathryn 87
Katie 82
Kayla 11
Kelly 73
Kelsey 36
Kenneth 77
Kevin 26
Kimberly 41
Kristen 70
Kyle 25
Laura 66
Lauren 16
Leah 98
Lindsey 86
Logan 42
Lucas 93
Luis 57
Luke 75
Mackenzie 75
Madeline 67
Madison 15
Malik 97
Marcus 87
Maria 37
Mariah 63
Marissa 59
Mark 55
Mary 44
Matthew 2
Megan 12
Melissa 42
Michael 1
Michelle 47
Miguel 91
Miranda 77
Mitchell 88
Molly 99
Monica 81
Morgan 25
Natalie 46
Nathan 37
Nathaniel 69
Nicholas 6
Nicole 22
Noah 50
Olivia 34
Paige 65
Patrick 44
Paul 79
Peter 96
Rachel 9
Rebecca 24
Richard 45
Robert 23
Ryan 16
Sabrina 58
Samantha 5
Samuel 30
Sara 50
Sarah 4
Savannah 43
Sean 46
Shannon 80
Shelby 35
Sierra 62
Stephanie 20
Stephen 60
Steven 38
Sydney 39
Tanner 90
Taylor 6
Taylor 82
Thomas 28
Tiffany 52
Timothy 40
Travis 73
Trevor 63
Tristan 68
Tyler 7
Vanessa 60
Victoria 18
William 18
Zachary 14
