2000
Aaron 41
Abigail 14
Adam 45
Adrian 78
Alejandro 89
Alex 62
Alexa 87
Alexander 20
Alexandra 36
Alexandria 91
Alexis 6
Allison 44
Alyssa 12
Amanda 32
Amber 46
Andrea 55
Andrew 7
Angel 67
Angela 79
Anna 22
Anthony 17
Antonio 82
Ashley 4
Austin 23
Autumn 77
Bailey 68
Benjamin 26
Blake 80
Brandon 12
Breanna 80
Brian 43
Briana 83
Brianna 15
Brittany 61
Brooke 51
Bryan 70
Bryce 92
Caitlin 75
Caleb 38
Cameron 31
Carlos 66
Caroline 65
Catherine 81
Charles 51
Chase 77
Cheyenne 99
Chloe 38
Christian 22
Christina 73
Christopher 5
Claire 86
Cody 60
Cole 71
Connor 50
Courtney 59
Dakota 88
Dalton 91
Daniel 9
Danielle 48
David 16
Destiny 24
Devin 69
Dylan 24
Elijah 52
Elizabeth 10
Emily 1
Emma 17
Eric 42
Erin 60
Ethan 25
Evan 55
Faith 66
Gabriel 44
Gabriella 98
Gabrielle 49
Garrett 74
Gavin 85
Grace 19
Hailey 35
Haley 28
Hannah 2
Hunter 35
Ian 73
Isaac 53
Isabel 93
Isabella 45
Isaiah 47
Jack 46
Jackson 72
Jacob 1
Jacqueline 63
Jada 84
Jake 96
James 18
Jared 56
Jasmine 27
Jason 39
Jenna 64
Jennifer 26
Jeremy 84
Jesse 90
Jessica 8
Jesus 76
John 14
Jonathan 21
Jordan 36
Jordan 50
Jose 34
Joseph 8
Joshua 4
Juan 48
Julia 29
Julian 87
Justin 19
Kaitlyn 30
Katelyn 54
Katherine 33
Kathryn 89
Katie 97
Kayla 13
Kaylee 72
Kelsey 88
Kenneth 94
Kevin 32
Kimberly 58
Kyle 37
Laura 85
Lauren 11
Leah 96
Leslie 90
Logan 40
Lucas 83
Luis 49
Luke 59
Mackenzie 43
Madeline 56
Madison 3
Makayla 67
Marcus 99
Maria 41
Mariah 76
Marissa 78
Mark 79
Mary 47
Mason 64
Matthew 3
Megan 18
Melissa 71
Mia 94
Michael 2
Michelle 52
Miguel 86
Molly 95
Morgan 25
Natalie 34
Nathan 30
Nathaniel 61
Nicholas 6
Nicole 31
Noah 27
Olivia 16
Paige 69
Patrick 68
Rachel 21
Rebecca 39
Richard 65
Robert 29
Ryan 13
Sabrina 92
Samantha 7
Samuel 28
Sara 57
Sarah 5
Savannah 37
Sean 57
Sebastian 81
Seth 63
Shelby 70
Sierra 53
Sophia 42
Spencer 98
Stephanie 40
Stephen 95
Steven 54
Sydney 23
Tanner 93
Taylor 9
Thomas 33
Timothy 58
Trevor 75
Trinity 74
Tyler 10
Vanessa 62
Victor 97
Victoria 20
William 11
Zachary 15
Zoe 82
