2002
Aaliyah 64
Aaron 44
Abigail 7
Adam 55
Adrian 73
Aidan 60
Alejandro 92
Alex 62
Alexa 69
Alexander 15
Alexandra 38
Alexis 5
Allison 44
Alyssa 12
Amanda 46
Amber 65
Andrea 56
Andrew 6
Angel 49
Angela 83
Angelina 75
Anna 20
Anthony 12
Antonio 85
Ariana 93
Ashley 6
Austin 26
Autumn 73
Ava 82
Bailey 84
Benjamin 27
Blake 76
Brandon 20
Brian 51
Brianna 17
Brooke 52
Bryan 64
Bryce 97
Caleb 35
Cameron 39
Carlos 65
Caroline 67
Charles 58
Chase 82
Chloe 25
Christian 24
Christina 97
Christopher 8
Claire 95
Cody 71
Cole 69
Connor 47
Courtney 88
Daniel 10
Danielle 71
David 13
Destiny 34
Devin 74
Diego 98
Dominic 83
Dylan 23
Elijah 41
Elizabeth 11
Ella 89
Emily 1
Emma 4
Eric 52
Erin 72
Ethan 5
Evan 56
Evelyn 98
Faith 48
Gabriel 32
Gabriella 77
Gabrielle 66
Garrett 91
Gavin 61
Grace 15
Hailey 32
Haley 35
Hannah 3
Hayden 96
Hunter 38
Ian 67
Isaac 48
Isabel 85
Isabella 14
Isaiah 45
Jack 43
Jackson 50
Jacob 1
Jacqueline 81
Jada 78
Jade 86
Jaden 87
James 18
Jared 84
Jasmine 26
Jason 42
Jenna 47
Jennifer 28
Jeremiah 86
Jeremy 95
Jesse 90
Jessica 16
Jesus 66
Jocelyn 92
John 17
Jonathan 21
Jordan 37
Jordan 45
Jose 30
Joseph 7
Joshua 3
Juan 54
Julia 33
Julian 78
Justin 22
Kaitlyn 31
Katelyn 53
Katherine 36
Kayla 19
Kaylee 57
Kevin 33
Kimberly 63
Kyle 40
Kylie 61
Lauren 13
Leah 87
Leslie 91
Lillian 96
Lily 79
Logan 29
Lucas 75
Luis 57
Luke 46
Mackenzie 42
Madeline 55
Madison 2
Makayla 49
Maria 40
Marissa 99
Mark 93
Mary 51
Mason 53
Matthew 4
Maya 90
Megan 22
Melanie 94
Melissa 80
Mia 43
Michael 2
Michelle 58
Miguel 88
Morgan 29
Natalie 30
Nathan 28
Nathaniel 63
Nicholas 9
Nicole 37
Noah 31
Olivia 10
Owen 94
Paige 50
Patrick 79
Rachel 24
Rebecca 54
Richard 77
Riley 76
Riley 99
Robert 34
Ryan 16
Samantha 9
Samuel 25
Sara 59
Sarah 8
Savannah 39
Sean 59
Sebastian 80
Seth 72
Shelby 74
Sierra 62
Sophia 27
Stephanie 41
Steven 68
Sydney 23
Taylor 18
Thomas 36
Timothy 70
Trevor 81
Trinity 70
Tyler 14
Vanessa 68
Victoria 21
William 11
Xavier 89
Zachary 19
Zoe 60
