1998
Aaron 37
Abigail 18
Adam 45
Adrian 71
Alejandro 95
Alex 56
Alexa 92
Alexander 22
Alexandra 27
Alexandria 81
Alexis 6
Alicia 98
Allison 38
Alyssa 11
Amanda 19
Amber 37
Amy 96
Andrea 61
Andrew 9
Angel 81
Anna 31
Anthony 19
Antonio 79
Ashley 4
Austin 10
Autumn 77
Bailey 60
Benjamin 30
Blake 85
Brandon 7
Breanna 76
Brendan 99
Brian 41
Briana 79
Brianna 17
Brittany 25
Brooke 46
Bryan 74
Bryce 94
Caitlin 78
Caleb 42
Cameron 35
Carlos 69
Caroline 74
Cassandra 85
Charles 48
Chase 67
Chelsea 94
Cheyenne 72
Chloe 87
Christian 26
Christina 69
Christopher 5
Claire 91
Cody 43
Cole 77
Connor 47
Courtney 39
Dakota 72
Dalton 88
Daniel 12
Danielle 41
David 13
Destiny 34
Devin 62
Diana 83
Dylan 25
Elijah 66
Elizabeth 10
Emily 1
Emma 22
Eric 39
Erica 93
Erin 57
Ethan 38
Evan 63
Gabriel 54
Gabrielle 47
Garrett 80
Grace 53
Hailey 70
Haley 35
Hannah 2
Heather 99
Hunter 36
Ian 73
Isaac 65
Isabella 84
Isaiah 59
Jack 61
Jacob 2
Jacqueline 95
James 18
Jared 51
Jasmine 26
Jason 40
Jeffrey 91
Jenna 65
Jennifer 20
Jeremy 68
Jesse 70
Jessica 8
Jesus 76
John 15
Jonathan 21
Jordan 27
Jordan 42
Jose 33
Joseph 11
Joshua 4
Juan 52
Julia 32
Justin 20
Kaitlyn 36
Katelyn 58
Katherine 33
Kathryn 90
Katie 88
Kayla 12
Kaylee 86
Kelly 89
Kelsey 56
Kenneth 86
Kevin 32
Kimberly 54
Kyle 24
Laura 75
Lauren 14
Lindsey 97
Logan 44
Lucas 93
Luis 53
Luke 75
Mackenzie 64
Madeline 50
Madison 9
Makayla 71
Marcus 96
Maria 43
Mariah 62
Marissa 66
Mark 64
Mary 45
Mason 83
Matthew 3
Megan 13
Melissa 59
Michael 1
Michelle 55
Miguel 90
Mikayla 82
Miranda 80
Morgan 23
Natalie 40
Nathan 34
Nathaniel 60
Nicholas 6
Nicole 24
Noah 29
Olivia 21
Paige 63
Patrick 57
Paul 89
Rachel 15
Rebecca 30
Richard 55
Robert 23
Ryan 17
Sabrina 68
Samantha 3
Samuel 28
Sara 48
Sarah 5
Savannah 44
Sean 50
Seth 87
Shelby 49
Sierra 51
Sophia 73
Spencer 84
Stephanie 29
Stephen 78
Steven 46
Sydney 28
Tanner 82
Taylor 7
Thomas 31
Tiffany 67
Timothy 49
Travis 98
Trevor 58
Tristan 92
Tyler 8
Vanessa 52
Victor 97
Victoria 16
William 14
Zachary 16
