1992
Aaron 30
Abigail 86
Adam 36
Adrian 96
Alex 54
Alexander 23
Alexandra 29
Alexandria 73
Alexis 40
Alicia 71
Allison 48
Alyssa 30
Amanda 3
Amber 19
Amy 51
Andrea 39
Andrew 5
Angela 69
Anna 49
Anthony 19
Antonio 85
Ariel 87
Ashley 1
Austin 38
Benjamin 33
Bianca 97
Blake 84
Bradley 72
Brandon 6
Breanna 94
Brett 97
Brian 31
Briana 79
Brianna 43
Brittany 4
Brittney 68
Brooke 59
Bryan 57
Caitlin 62
Caleb 74
Cameron 53
Carlos 69
Cassandra 52
Catherine 78
Charles 43
Chelsea 15
Christian 35
Christina 33
Christine 82
Christopher 2
Cody 24
Connor 80
Corey 65
Cory 83
Courtney 21
Crystal 50
Cynthia 92
Daniel 7
Danielle 18
David 10
Derek 62
Devin 75
Dillon 73
Dustin 58
Dylan 28
Edward 70
Elizabeth 9
Emily 7
Eric 26
Erica 44
Erik 98
Erika 80
Erin 46
Ethan 76
Evan 66
Gabriel 86
Gabrielle 84
Garrett 88
George 95
Gregory 60
Haley 56
Hannah 26
Heather 31
Holly 99
Ian 68
Jacob 15
Jacqueline 76
James 9
Jamie 75
Jared 67
Jasmine 28
Jason 46
Jeffrey 51
Jenna 67
Jennifer 11
Jeremy 47
Jesse 50
Jessica 2
Jesus 78
John 14
Jonathan 21
Jordan 32
Jordan 63
Jose 37
Joseph 11
Joshua 4
Juan 56
Julia 70
Justin 18
Kaitlyn 42
Katelyn 66
Katherine 27
Kathryn 60
Katie 54
Kayla 13
Kelly 47
Kelsey 23
Kenneth 59
Kevin 25
Kimberly 35
Kristen 53
Kristin 90
Kristina 93
Kyle 22
Laura 38
Lauren 12
Leah 96
Lindsay 81
Lindsey 57
Lisa 88
Logan 89
Luis 64
Luke 93
Marcus 82
Maria 45
Mariah 74
Marissa 72
Mark 49
Mary 37
Matthew 3
Megan 10
Meghan 91
Melanie 98
Melissa 24
Michael 1
Michelle 25
Miguel 90
Miranda 89
Mitchell 91
Molly 83
Monica 77
Morgan 41
Natalie 61
Nathan 44
Nathaniel 79
Nicholas 12
Nicole 14
Olivia 58
Paige 64
Patrick 39
Paul 55
Peter 81
Rachel 16
Rebecca 20
Richard 40
Robert 17
Ryan 13
Samantha 6
Samuel 41
Sara 36
Sarah 5
Scott 61
Sean 42
Seth 94
Shane 77
Shannon 65
Shawn 71
Shelby 34
Spencer 99
Stephanie 8
Stephen 45
Steven 29
Taylor 17
Taylor 52
Thomas 27
Tiffany 32
Timothy 34
Travis 48
Trevor 63
Tyler 8
Vanessa 55
Veronica 95
Victor 87
Victoria 22
Vincent 92
Whitney 85
William 20
Zachary 16
