2006
Aaliyah 91
Aaron 57
Abigail 6
Adam 64
Addison 27
Adrian 63
Aidan 44
Aiden 30
Alejandro 96
Alex 67
Alexa 39
Alexander 12
Alexandra 40
Alexis 14
Allison 46
Alyssa 19
Amelia 82
Andrea 59
Andrew 8
Angel 31
Angelina 48
Anna 23
Anthony 9
Antonio 93
Ariana 78
Arianna 77
Ashley 12
Aubrey 92
Audrey 68
Austin 41
Autumn 95
Ava 5
Avery 52
Benjamin 24
Blake 97
Brandon 27
Brayden 79
Brian 72
Brianna 20
Brooke 44
Brooklyn 67
Bryan 66
Caden 91
Caleb 34
Cameron 52
Carlos 70
Caroline 89
Carson 87
Carter 75
Charles 60
Chase 83
Chloe 18
Christian 21
Christopher 7
Claire 86
Cole 84
Connor 53
Daniel 6
David 13
Destiny 37
Diego 56
Dominic 85
Dylan 26
Elijah 29
Elizabeth 11
Ella 21
Emily 1
Emma 2
Eric 77
Ethan 4
Evan 42
Evelyn 65
Faith 64
Gabriel 28
Gabriella 50
Gabrielle 62
Gavin 38
Gianna 98
Grace 17
Hailey 25
Haley 75
Hannah 8
Hayden 73
Henry 95
Hunter 54
Ian 81
Isaac 48
Isabel 87
Isabella 4
Isabelle 85
Isaiah 40
Jack 35
Jackson 36
Jacob 1
Jada 93
Jaden 88
James 16
Jasmine 29
Jason 55
Jayden 50
Jayla 99
Jenna 88
Jennifer 51
Jeremiah 71
Jessica 32
Jesus 74
Jocelyn 73
John 20
Jonathan 22
Jordan 46
Jordan 97
Jose 32
Joseph 11
Joshua 3
Juan 61
Julia 31
Julian 65
Justin 45
Kaden 92
Kaitlyn 41
Katelyn 61
Katherine 36
Kayla 26
Kaylee 42
Kevin 37
Kimberly 58
Kyle 80
Kylie 66
Landon 49
Lauren 24
Leah 69
Liam 98
Lillian 38
Lily 33
Logan 19
Lucas 59
Luis 62
Luke 43
Mackenzie 53
Madeline 71
Madison 3
Makayla 45
Maria 47
Mariah 81
Mary 84
Mason 39
Matthew 5
Maya 57
Megan 60
Melanie 83
Mia 13
Michael 2
Michelle 80
Miguel 89
Morgan 35
Natalia 94
Natalie 16
Nathan 23
Nathaniel 69
Nevaeh 43
Nicholas 17
Nicole 74
Noah 15
Olivia 7
Owen 58
Paige 76
Rachel 49
Rebecca 96
Richard 99
Riley 55
Robert 47
Ryan 14
Samantha 10
Samuel 25
Sara 72
Sarah 15
Savannah 30
Sean 68
Sebastian 76
Sofia 56
Sophia 9
Stephanie 70
Steven 90
Sydney 34
Taylor 22
Thomas 51
Timothy 94
Trinity 63
Tristan 86
Tyler 18
Valeria 90
Vanessa 79
Victoria 28
William 10
Wyatt 82
Xavier 78
Zachary 33
Zoe 54
