1990
Aaron 34
Abigail 90
Adam 32
Adrian 94
Alex 59
Alexander 28
Alexandra 37
Alexandria 95
Alexis 66
Alicia 53
Allison 48
Alyssa 27
Amanda 4
Amber 15
Amy 38
Andrea 40
Andrew 7
Angela 52
Anna 45
Anthony 15
Antonio 77
April 73
Ariel 94
Ashley 2
Austin 55
Benjamin 33
Bianca 84
Blake 91
Bradley 65
Brandon 19
Brett 84
Brian 27
Brianna 61
Brittany 3
Brittney 44
Brooke 70
Bryan 57
Caitlin 50
Caleb 88
Cameron 62
Carlos 75
Casey 89
Cassandra 49
Catherine 71
Chad 85
Charles 38
Chelsea 24
Christian 60
Christina 25
Christine 62
Christopher 2
Cody 31
Corey 56
Cory 67
Courtney 17
Crystal 39
Cynthia 88
Daniel 5
Danielle 18
David 6
Derek 54
Devin 98
Diana 99
Donald 87
Dustin 50
Dylan 83
Edward 68
Elizabeth 9
Emily 12
Eric 24
Erica 36
Erik 96
Erika 74
Erin 43
Ethan 58
Evan 71
Gabrielle 98
Garrett 99
George 79
Gregory 51
Hannah 30
Heather 19
Holly 89
Ian 70
Jacob 20
Jacqueline 67
James 8
Jamie 54
Jared 63
Jasmine 28
Jason 47
Jeffrey 43
Jenna 81
Jennifer 8
Jeremy 40
Jesse 48
Jessica 1
Jesus 90
Joel 95
John 12
Jonathan 17
Jordan 29
Jordan 59
Jose 41
Joseph 10
Joshua 4
Juan 61
Julia 83
Julie 93
Justin 9
Kaitlyn 78
Katelyn 75
Katherine 26
Kathleen 92
Kathryn 57
Katie 55
Kayla 14
Keith 80
Kelly 41
Kelsey 32
Kenneth 52
Kevin 23
Kimberly 31
Kristen 42
Kristin 65
Kristina 77
Kyle 18
Laura 29
Lauren 10
Leah 82
Lindsay 69
Lindsey 51
Lisa 64
Luis 66
Marcus 72
Maria 47
Marissa 87
Mark 46
Mary 35
Matthew 3
Megan 11
Meghan 91
Melanie 86
Melissa 20
Michael 1
Michelle 22
Mitchell 93
Molly 80
Monica 76
Morgan 58
Natalie 63
Nathan 44
Nathaniel 86
Nicholas 14
Nicole 13
Olivia 72
Paige 79
Patricia 97
Patrick 36
Paul 49
Peter 74
Phillip 81
Rachel 16
Raymond 92
Rebecca 21
Richard 35
Robert 13
Ronald 97
Ryan 11
Samantha 5
Samuel 45
Sara 34
Sarah 6
Scott 53
Sean 37
Shane 73
Shannon 68
Shawn 69
Stephanie 7
Stephen 39
Steven 25
Tara 85
Taylor 46
Taylor 64
Thomas 26
Tiffany 23
Timothy 30
Travis 42
Trevor 76
Tyler 21
Vanessa 56
Veronica 96
Victor 82
Victoria 33
Vincent 78
Whitney 60
William 16
Zachary 22
