2008
Aaliyah 77
Aaron 50
Abigail 8
Adam 72
Addison 12
Adrian 56
Aidan 59
Aiden 16
Alex 85
Alexa 50
Alexander 6
Alexandra 61
Alexis 15
Allison 32
Alyssa 16
Amelia 68
Andrea 71
Andrew 12
Angel 36
Angelina 69
Anna 26
Anthony 7
Ariana 81
Arianna 66
Ashley 18
Aubrey 42
Audrey 44
Austin 55
Autumn 89
Ava 5
Avery 38
Ayden 91
Bailey 82
Benjamin 25
Blake 90
Brady 94
Brandon 33
Brayden 51
Brian 87
Brianna 23
Brody 70
Brooke 52
Brooklyn 47
Bryan 82
Caden 95
Caleb 34
Cameron 53
Camila 83
Carlos 73
Caroline 94
Carson 89
Carter 65
Charles 63
Charlotte 87
Chase 67
Chloe 10
Christian 23
Christopher 9
Claire 62
Cole 84
Colton 98
Connor 57
Cooper 92
Daniel 5
David 14
Destiny 48
Diego 68
Dominic 93
Dylan 31
Elijah 22
Elizabeth 9
Ella 19
Emily 3
Emma 1
Eric 86
Ethan 3
Evan 38
Evelyn 54
Faith 91
Gabriel 24
Gabriella 35
Gabrielle 79
Gavin 30
Genesis 95
Gianna 86
Grace 21
Gracie 99
Hailey 25
Hannah 17
Hayden 76
Henry 78
Hunter 54
Ian 80
Isaac 37
Isabel 96
Isabella 2
Isabelle 93
Isaiah 42
Jack 39
Jackson 32
Jacob 1
Jaden 88
James 17
Jasmine 43
Jason 60
Jayden 11
Jennifer 84
Jeremiah 69
Jessica 59
Jesus 79
Jocelyn 67
John 20
Jonathan 26
Jordan 48
Jose 41
Joseph 13
Joshua 4
Josiah 96
Juan 66
Julia 40
Julian 61
Justin 45
Kaden 99
Kaitlyn 53
Katelyn 80
Katherine 45
Kayla 28
Kaylee 31
Kevin 40
Kimberly 57
Kyle 97
Kylie 51
Landon 44
Lauren 30
Layla 55
Leah 41
Liam 75
Lillian 29
Lily 24
Logan 19
Lucas 46
Luis 64
Luke 43
Mackenzie 65
Madeline 56
Madelyn 63
Madison 4
Makayla 37
Maria 64
Mariah 78
Mary 97
Mason 35
Matthew 10
Maya 72
Melanie 85
Mia 14
Michael 2
Morgan 46
Natalie 13
Nathan 21
Nathaniel 77
Nevaeh 34
Nicholas 29
Noah 15
Olivia 6
Owen 58
Paige 88
Payton 90
Peyton 60
Rachel 75
Riley 39
Robert 49
Ryan 18
Samantha 11
Samuel 28
Sara 92
Sarah 20
Savannah 33
Sean 83
Sebastian 74
Sofia 36
Sophia 7
Sophie 74
Sydney 49
Taylor 22
Thomas 52
Trinity 70
Tristan 81
Tyler 27
Valeria 73
Vanessa 76
Victoria 27
William 8
Wyatt 62
Xavier 71
Zachary 47
Zoe 58
Zoey 98
